// Jest Snapshot v1, https://goo.gl/fbAQLP

exports[`should render AddExpensePage correctly 1`] = `
<div>
  <styled.div>
    <styled.div>
      <styled.h1>
         Add Expense 
      </styled.h1>
    </styled.div>
  </styled.div>
  <styled.div>
    <ExpenseForm
      onSubmit={[Function]}
    />
  </styled.div>
</div>
`;
