// Jest Snapshot v1, https://goo.gl/fbAQLP

exports[`should render ExpenseListItem with expense 1`] = `
<Styled(Link)
  activeClassName="is-active"
  to="/edit/2"
>
  <div>
    <styled.h3>
       
      Rent
       
    </styled.h3>
    <styled.span>
       
      December 27th, 1969
       
    </styled.span>
  </div>
  <styled.h3>
     
    $1,095.00
     
  </styled.h3>
</Styled(Link)>
`;
